
Discarded input sections

 .group         0x00000000        0xc ./source/App.o
 .group         0x00000000        0xc ./source/App.o
 .group         0x00000000        0xc ./source/App.o
 .group         0x00000000        0xc ./source/App.o
 .group         0x00000000        0xc ./source/App.o
 .group         0x00000000        0xc ./source/App.o
 .group         0x00000000        0xc ./source/App.o
 .group         0x00000000        0xc ./source/App.o
 .group         0x00000000        0xc ./source/App.o
 .group         0x00000000        0xc ./source/App.o
 .group         0x00000000        0xc ./source/App.o
 .group         0x00000000        0xc ./source/App.o
 .group         0x00000000        0xc ./source/App.o
 .group         0x00000000        0xc ./source/App.o
 .group         0x00000000        0xc ./source/App.o
 .group         0x00000000        0xc ./source/App.o
 .group         0x00000000        0xc ./source/App.o
 .text          0x00000000        0x0 ./source/App.o
 .data          0x00000000        0x0 ./source/App.o
 .bss           0x00000000        0x0 ./source/App.o
 .bss.rx_buff   0x00000000       0x8c ./source/App.o
 .bss.tx_buff   0x00000000       0x8c ./source/App.o
 .text.delayLoop
                0x00000000       0x20 ./source/App.o
 .group         0x00000000        0xc ./source/buffer.o
 .group         0x00000000        0xc ./source/buffer.o
 .group         0x00000000        0xc ./source/buffer.o
 .group         0x00000000        0xc ./source/buffer.o
 .text          0x00000000        0x0 ./source/buffer.o
 .data          0x00000000        0x0 ./source/buffer.o
 .bss           0x00000000        0x0 ./source/buffer.o
 .text.initBuffer
                0x00000000       0x4a ./source/buffer.o
 .text.pop_buffer
                0x00000000       0x82 ./source/buffer.o
 .text.buffer_is_full
                0x00000000       0x1a ./source/buffer.o
 .text.buffer_is_empty
                0x00000000       0x30 ./source/buffer.o
 .debug_macro   0x00000000      0xa5a ./source/buffer.o
 .debug_macro   0x00000000      0x34e ./source/buffer.o
 .debug_macro   0x00000000       0x22 ./source/buffer.o
 .group         0x00000000        0xc ./source/gpio.o
 .group         0x00000000        0xc ./source/gpio.o
 .group         0x00000000        0xc ./source/gpio.o
 .group         0x00000000        0xc ./source/gpio.o
 .group         0x00000000        0xc ./source/gpio.o
 .group         0x00000000        0xc ./source/gpio.o
 .group         0x00000000        0xc ./source/gpio.o
 .group         0x00000000        0xc ./source/gpio.o
 .group         0x00000000        0xc ./source/gpio.o
 .group         0x00000000        0xc ./source/gpio.o
 .group         0x00000000        0xc ./source/gpio.o
 .group         0x00000000        0xc ./source/gpio.o
 .group         0x00000000        0xc ./source/gpio.o
 .group         0x00000000        0xc ./source/gpio.o
 .text          0x00000000        0x0 ./source/gpio.o
 .data          0x00000000        0x0 ./source/gpio.o
 .bss           0x00000000        0x0 ./source/gpio.o
 .text.__NVIC_EnableIRQ
                0x00000000       0x3c ./source/gpio.o
 .data.gpios_ptr
                0x00000000       0x14 ./source/gpio.o
 .data.sim      0x00000000        0x4 ./source/gpio.o
 .text.gpioMode
                0x00000000      0x298 ./source/gpio.o
 .text.gpioWrite
                0x00000000       0x78 ./source/gpio.o
 .text.gpioToggle
                0x00000000       0x48 ./source/gpio.o
 .text.gpioRead
                0x00000000       0x48 ./source/gpio.o
 .text.gpioIRQ  0x00000000       0xcc ./source/gpio.o
 .debug_macro   0x00000000      0xa5a ./source/gpio.o
 .debug_macro   0x00000000      0x34e ./source/gpio.o
 .debug_macro   0x00000000       0x22 ./source/gpio.o
 .debug_macro   0x00000000       0x10 ./source/gpio.o
 .debug_macro   0x00000000       0x5c ./source/gpio.o
 .debug_macro   0x00000000       0x1c ./source/gpio.o
 .debug_macro   0x00000000       0x22 ./source/gpio.o
 .debug_macro   0x00000000       0xdf ./source/gpio.o
 .debug_macro   0x00000000      0xecf ./source/gpio.o
 .debug_macro   0x00000000       0x48 ./source/gpio.o
 .debug_macro   0x00000000     0xe07b ./source/gpio.o
 .debug_macro   0x00000000     0x122b ./source/gpio.o
 .debug_macro   0x00000000       0x16 ./source/gpio.o
 .debug_macro   0x00000000       0x3a ./source/gpio.o
 .group         0x00000000        0xc ./source/systick.o
 .group         0x00000000        0xc ./source/systick.o
 .group         0x00000000        0xc ./source/systick.o
 .group         0x00000000        0xc ./source/systick.o
 .group         0x00000000        0xc ./source/systick.o
 .group         0x00000000        0xc ./source/systick.o
 .group         0x00000000        0xc ./source/systick.o
 .group         0x00000000        0xc ./source/systick.o
 .group         0x00000000        0xc ./source/systick.o
 .group         0x00000000        0xc ./source/systick.o
 .group         0x00000000        0xc ./source/systick.o
 .group         0x00000000        0xc ./source/systick.o
 .group         0x00000000        0xc ./source/systick.o
 .text          0x00000000        0x0 ./source/systick.o
 .data          0x00000000        0x0 ./source/systick.o
 .bss           0x00000000        0x0 ./source/systick.o
 .text.__NVIC_EnableIRQ
                0x00000000       0x3c ./source/systick.o
 .data.systemTimer
                0x00000000        0x4 ./source/systick.o
 .text.SysTick_Init
                0x00000000       0x4c ./source/systick.o
 .debug_macro   0x00000000      0xa5a ./source/systick.o
 .debug_macro   0x00000000       0x22 ./source/systick.o
 .debug_macro   0x00000000      0x34e ./source/systick.o
 .debug_macro   0x00000000       0x10 ./source/systick.o
 .debug_macro   0x00000000       0x5c ./source/systick.o
 .debug_macro   0x00000000       0x1c ./source/systick.o
 .debug_macro   0x00000000       0x22 ./source/systick.o
 .debug_macro   0x00000000       0xdf ./source/systick.o
 .debug_macro   0x00000000      0xecf ./source/systick.o
 .debug_macro   0x00000000       0x48 ./source/systick.o
 .debug_macro   0x00000000     0xe07b ./source/systick.o
 .debug_macro   0x00000000     0x122b ./source/systick.o
 .debug_macro   0x00000000       0x16 ./source/systick.o
 .group         0x00000000        0xc ./source/uart.o
 .group         0x00000000        0xc ./source/uart.o
 .group         0x00000000        0xc ./source/uart.o
 .group         0x00000000        0xc ./source/uart.o
 .group         0x00000000        0xc ./source/uart.o
 .group         0x00000000        0xc ./source/uart.o
 .group         0x00000000        0xc ./source/uart.o
 .group         0x00000000        0xc ./source/uart.o
 .group         0x00000000        0xc ./source/uart.o
 .group         0x00000000        0xc ./source/uart.o
 .group         0x00000000        0xc ./source/uart.o
 .group         0x00000000        0xc ./source/uart.o
 .group         0x00000000        0xc ./source/uart.o
 .group         0x00000000        0xc ./source/uart.o
 .group         0x00000000        0xc ./source/uart.o
 .group         0x00000000        0xc ./source/uart.o
 .text          0x00000000        0x0 ./source/uart.o
 .data          0x00000000        0x0 ./source/uart.o
 .bss           0x00000000        0x0 ./source/uart.o
 .data.UartRxBuffer
                0x00000000       0x8c ./source/uart.o
 .text.uart_putchar
                0x00000000       0x40 ./source/uart.o
 .text.uartReadMsg
                0x00000000       0x48 ./source/uart.o
 .debug_macro   0x00000000      0xa5a ./source/uart.o
 .debug_macro   0x00000000      0x34e ./source/uart.o
 .debug_macro   0x00000000       0x22 ./source/uart.o
 .debug_macro   0x00000000       0x10 ./source/uart.o
 .debug_macro   0x00000000       0x5c ./source/uart.o
 .debug_macro   0x00000000       0x1c ./source/uart.o
 .debug_macro   0x00000000       0x22 ./source/uart.o
 .debug_macro   0x00000000       0xdf ./source/uart.o
 .debug_macro   0x00000000      0xecf ./source/uart.o
 .debug_macro   0x00000000       0x48 ./source/uart.o
 .debug_macro   0x00000000     0xe07b ./source/uart.o
 .debug_macro   0x00000000     0x122b ./source/uart.o
 .debug_macro   0x00000000       0x16 ./source/uart.o
 .debug_macro   0x00000000       0x88 ./source/uart.o
 .debug_macro   0x00000000       0x28 ./source/uart.o
 .group         0x00000000        0xc ./SDK/startup/hardware.o
 .group         0x00000000        0xc ./SDK/startup/hardware.o
 .group         0x00000000        0xc ./SDK/startup/hardware.o
 .group         0x00000000        0xc ./SDK/startup/hardware.o
 .group         0x00000000        0xc ./SDK/startup/hardware.o
 .group         0x00000000        0xc ./SDK/startup/hardware.o
 .group         0x00000000        0xc ./SDK/startup/hardware.o
 .group         0x00000000        0xc ./SDK/startup/hardware.o
 .group         0x00000000        0xc ./SDK/startup/hardware.o
 .group         0x00000000        0xc ./SDK/startup/hardware.o
 .group         0x00000000        0xc ./SDK/startup/hardware.o
 .group         0x00000000        0xc ./SDK/startup/hardware.o
 .group         0x00000000        0xc ./SDK/startup/hardware.o
 .text          0x00000000        0x0 ./SDK/startup/hardware.o
 .data          0x00000000        0x0 ./SDK/startup/hardware.o
 .bss           0x00000000        0x0 ./SDK/startup/hardware.o
 .debug_macro   0x00000000      0xa5a ./SDK/startup/hardware.o
 .debug_macro   0x00000000      0x34e ./SDK/startup/hardware.o
 .debug_macro   0x00000000       0x22 ./SDK/startup/hardware.o
 .debug_macro   0x00000000       0x10 ./SDK/startup/hardware.o
 .debug_macro   0x00000000       0x5c ./SDK/startup/hardware.o
 .debug_macro   0x00000000       0x1c ./SDK/startup/hardware.o
 .debug_macro   0x00000000       0x22 ./SDK/startup/hardware.o
 .debug_macro   0x00000000       0xdf ./SDK/startup/hardware.o
 .debug_macro   0x00000000      0xecf ./SDK/startup/hardware.o
 .debug_macro   0x00000000       0x48 ./SDK/startup/hardware.o
 .debug_macro   0x00000000     0xe07b ./SDK/startup/hardware.o
 .debug_macro   0x00000000     0x122b ./SDK/startup/hardware.o
 .debug_macro   0x00000000       0x16 ./SDK/startup/hardware.o
 .group         0x00000000        0xc ./SDK/startup/main.o
 .group         0x00000000        0xc ./SDK/startup/main.o
 .group         0x00000000        0xc ./SDK/startup/main.o
 .group         0x00000000        0xc ./SDK/startup/main.o
 .group         0x00000000        0xc ./SDK/startup/main.o
 .group         0x00000000        0xc ./SDK/startup/main.o
 .group         0x00000000        0xc ./SDK/startup/main.o
 .group         0x00000000        0xc ./SDK/startup/main.o
 .group         0x00000000        0xc ./SDK/startup/main.o
 .group         0x00000000        0xc ./SDK/startup/main.o
 .group         0x00000000        0xc ./SDK/startup/main.o
 .group         0x00000000        0xc ./SDK/startup/main.o
 .group         0x00000000        0xc ./SDK/startup/main.o
 .text          0x00000000        0x0 ./SDK/startup/main.o
 .data          0x00000000        0x0 ./SDK/startup/main.o
 .bss           0x00000000        0x0 ./SDK/startup/main.o
 .debug_macro   0x00000000      0xa5a ./SDK/startup/main.o
 .debug_macro   0x00000000      0x34e ./SDK/startup/main.o
 .debug_macro   0x00000000       0x22 ./SDK/startup/main.o
 .debug_macro   0x00000000       0x10 ./SDK/startup/main.o
 .debug_macro   0x00000000       0x5c ./SDK/startup/main.o
 .debug_macro   0x00000000       0x1c ./SDK/startup/main.o
 .debug_macro   0x00000000       0x22 ./SDK/startup/main.o
 .debug_macro   0x00000000       0xdf ./SDK/startup/main.o
 .debug_macro   0x00000000      0xecf ./SDK/startup/main.o
 .debug_macro   0x00000000       0x48 ./SDK/startup/main.o
 .debug_macro   0x00000000     0xe07b ./SDK/startup/main.o
 .debug_macro   0x00000000     0x122b ./SDK/startup/main.o
 .debug_macro   0x00000000       0x16 ./SDK/startup/main.o
 .group         0x00000000        0xc ./SDK/startup/semihost_hardfault.o
 .text          0x00000000        0x0 ./SDK/startup/semihost_hardfault.o
 .data          0x00000000        0x0 ./SDK/startup/semihost_hardfault.o
 .bss           0x00000000        0x0 ./SDK/startup/semihost_hardfault.o
 .debug_macro   0x00000000      0xa5a ./SDK/startup/semihost_hardfault.o
 .group         0x00000000        0xc ./SDK/startup/startup_mk64f12.o
 .text          0x00000000        0x0 ./SDK/startup/startup_mk64f12.o
 .data          0x00000000        0x0 ./SDK/startup/startup_mk64f12.o
 .bss           0x00000000        0x0 ./SDK/startup/startup_mk64f12.o
 .text.UART0_RX_TX_IRQHandler
                0x00000000        0x8 ./SDK/startup/startup_mk64f12.o
 .text.PORTA_IRQHandler
                0x00000000        0x8 ./SDK/startup/startup_mk64f12.o
 .text.PORTB_IRQHandler
                0x00000000        0x8 ./SDK/startup/startup_mk64f12.o
 .text.PORTC_IRQHandler
                0x00000000        0x8 ./SDK/startup/startup_mk64f12.o
 .debug_macro   0x00000000      0xa5a ./SDK/startup/startup_mk64f12.o
 .group         0x00000000        0xc ./SDK/CMSIS/system_MK64F12.o
 .group         0x00000000        0xc ./SDK/CMSIS/system_MK64F12.o
 .group         0x00000000        0xc ./SDK/CMSIS/system_MK64F12.o
 .group         0x00000000        0xc ./SDK/CMSIS/system_MK64F12.o
 .group         0x00000000        0xc ./SDK/CMSIS/system_MK64F12.o
 .group         0x00000000        0xc ./SDK/CMSIS/system_MK64F12.o
 .group         0x00000000        0xc ./SDK/CMSIS/system_MK64F12.o
 .group         0x00000000        0xc ./SDK/CMSIS/system_MK64F12.o
 .group         0x00000000        0xc ./SDK/CMSIS/system_MK64F12.o
 .group         0x00000000        0xc ./SDK/CMSIS/system_MK64F12.o
 .group         0x00000000        0xc ./SDK/CMSIS/system_MK64F12.o
 .text          0x00000000        0x0 ./SDK/CMSIS/system_MK64F12.o
 .data          0x00000000        0x0 ./SDK/CMSIS/system_MK64F12.o
 .bss           0x00000000        0x0 ./SDK/CMSIS/system_MK64F12.o
 .data.SystemCoreClock
                0x00000000        0x4 ./SDK/CMSIS/system_MK64F12.o
 .text.SystemCoreClockUpdate
                0x00000000      0x278 ./SDK/CMSIS/system_MK64F12.o
 .debug_macro   0x00000000      0xa5a ./SDK/CMSIS/system_MK64F12.o
 .debug_macro   0x00000000      0x34e ./SDK/CMSIS/system_MK64F12.o
 .debug_macro   0x00000000       0x10 ./SDK/CMSIS/system_MK64F12.o
 .debug_macro   0x00000000       0x5c ./SDK/CMSIS/system_MK64F12.o
 .debug_macro   0x00000000       0x1c ./SDK/CMSIS/system_MK64F12.o
 .debug_macro   0x00000000       0x22 ./SDK/CMSIS/system_MK64F12.o
 .debug_macro   0x00000000       0xdf ./SDK/CMSIS/system_MK64F12.o
 .debug_macro   0x00000000      0xecf ./SDK/CMSIS/system_MK64F12.o
 .debug_macro   0x00000000       0x48 ./SDK/CMSIS/system_MK64F12.o
 .debug_macro   0x00000000     0xe07b ./SDK/CMSIS/system_MK64F12.o
 .debug_macro   0x00000000     0x122b ./SDK/CMSIS/system_MK64F12.o

Memory Configuration

Name             Origin             Length             Attributes
PROGRAM_FLASH    0x00000000         0x00100000         xr
SRAM_UPPER       0x20000000         0x00030000         xrw
SRAM_LOWER       0x1fff0000         0x00010000         xrw
FLEX_RAM         0x14000000         0x00001000         xrw
*default*        0x00000000         0xffffffff

Linker script and memory map

LOAD ./source/App.o
LOAD ./source/buffer.o
LOAD ./source/gpio.o
LOAD ./source/systick.o
LOAD ./source/uart.o
LOAD ./SDK/startup/hardware.o
LOAD ./SDK/startup/main.o
LOAD ./SDK/startup/semihost_hardfault.o
LOAD ./SDK/startup/startup_mk64f12.o
LOAD ./SDK/CMSIS/system_MK64F12.o
START GROUP
LOAD c:/nxp/mcuxpressoide_10.2.0_759/ide/tools/bin/../lib/gcc/arm-none-eabi/7.2.1/../../../../arm-none-eabi/lib/thumb/v7e-m/fpv4-sp/hard\libcr_c.a
LOAD c:/nxp/mcuxpressoide_10.2.0_759/ide/tools/bin/../lib/gcc/arm-none-eabi/7.2.1/thumb/v7e-m/fpv4-sp/hard\libcr_eabihelpers.a
END GROUP
                0x00000000                __base_PROGRAM_FLASH = 0x0
                0x00000000                __base_Flash = 0x0
                0x00100000                __top_PROGRAM_FLASH = 0x100000
                0x00100000                __top_Flash = 0x100000
                0x20000000                __base_SRAM_UPPER = 0x20000000
                0x20000000                __base_RAM = 0x20000000
                0x20030000                __top_SRAM_UPPER = 0x20030000
                0x20030000                __top_RAM = 0x20030000
                0x1fff0000                __base_SRAM_LOWER = 0x1fff0000
                0x1fff0000                __base_RAM2 = 0x1fff0000
                0x20000000                __top_SRAM_LOWER = 0x20000000
                0x20000000                __top_RAM2 = 0x20000000
                0x14000000                __base_FLEX_RAM = 0x14000000
                0x14000000                __base_RAM3 = 0x14000000
                0x14001000                __top_FLEX_RAM = 0x14001000
                0x14001000                __top_RAM3 = 0x14001000

.text           0x00000000      0xf98
 FILL mask 0xff
                0x00000000                __vectors_start__ = ABSOLUTE (.)
 *(SORT_BY_ALIGNMENT(.isr_vector))
 .isr_vector    0x00000000      0x198 ./SDK/startup/startup_mk64f12.o
                0x00000000                g_pfnVectors
                0x00000000                __Vectors
                0x00000198                . = ALIGN (0x4)
                0x00000198                __section_table_start = .
                0x00000198                __data_section_table = .
                0x00000198        0x4 LONG 0xf98 LOADADDR (.data)
                0x0000019c        0x4 LONG 0x20000000 ADDR (.data)
                0x000001a0        0x4 LONG 0xd0 SIZEOF (.data)
                0x000001a4        0x4 LONG 0xf98 LOADADDR (.data_RAM2)
                0x000001a8        0x4 LONG 0x1fff0000 ADDR (.data_RAM2)
                0x000001ac        0x4 LONG 0x0 SIZEOF (.data_RAM2)
                0x000001b0        0x4 LONG 0xf98 LOADADDR (.data_RAM3)
                0x000001b4        0x4 LONG 0x14000000 ADDR (.data_RAM3)
                0x000001b8        0x4 LONG 0x0 SIZEOF (.data_RAM3)
                0x000001bc                __data_section_table_end = .
                0x000001bc                __bss_section_table = .
                0x000001bc        0x4 LONG 0x200000d0 ADDR (.bss)
                0x000001c0        0x4 LONG 0x288 SIZEOF (.bss)
                0x000001c4        0x4 LONG 0x1fff0000 ADDR (.bss_RAM2)
                0x000001c8        0x4 LONG 0x0 SIZEOF (.bss_RAM2)
                0x000001cc        0x4 LONG 0x14000000 ADDR (.bss_RAM3)
                0x000001d0        0x4 LONG 0x0 SIZEOF (.bss_RAM3)
                0x000001d4                __bss_section_table_end = .
                0x000001d4                __section_table_end = .
 *(SORT_BY_ALIGNMENT(.after_vectors*))
 .after_vectors.reset
                0x000001d4       0x4c ./SDK/startup/startup_mk64f12.o
                0x000001d4                ResetISR
 .after_vectors.init_data
                0x00000220       0x1e ./SDK/startup/startup_mk64f12.o
                0x00000220                data_init
 .after_vectors.init_bss
                0x0000023e       0x12 ./SDK/startup/startup_mk64f12.o
                0x0000023e                bss_init
 .after_vectors
                0x00000250       0x14 ./SDK/startup/startup_mk64f12.o
                0x00000250                NMI_Handler
                0x00000254                MemManage_Handler
                0x00000256                BusFault_Handler
                0x00000258                UsageFault_Handler
                0x0000025a                SVC_Handler
                0x0000025c                DebugMon_Handler
                0x0000025e                PendSV_Handler
                0x00000262                DMA_Error_DriverIRQHandler
                0x00000262                LPTMR0_DriverIRQHandler
                0x00000262                FTM1_DriverIRQHandler
                0x00000262                FTM2_DriverIRQHandler
                0x00000262                PIT2_DriverIRQHandler
                0x00000262                SDHC_DriverIRQHandler
                0x00000262                I2S0_Tx_DriverIRQHandler
                0x00000262                RTC_Seconds_DriverIRQHandler
                0x00000262                DMA6_DriverIRQHandler
                0x00000262                LLWU_DriverIRQHandler
                0x00000262                MCM_DriverIRQHandler
                0x00000262                MCG_DriverIRQHandler
                0x00000262                ENET_1588_Timer_DriverIRQHandler
                0x00000262                I2C2_DriverIRQHandler
                0x00000262                DAC1_DriverIRQHandler
                0x00000262                SPI1_DriverIRQHandler
                0x00000262                CMP1_DriverIRQHandler
                0x00000262                UART5_RX_TX_DriverIRQHandler
                0x00000262                FTM0_DriverIRQHandler
                0x00000262                IntDefaultHandler
                0x00000262                USB0_DriverIRQHandler
                0x00000262                UART5_ERR_DriverIRQHandler
                0x00000262                PORTC_DriverIRQHandler
                0x00000262                DMA11_DriverIRQHandler
                0x00000262                DAC0_DriverIRQHandler
                0x00000262                DMA10_DriverIRQHandler
                0x00000262                CMP2_DriverIRQHandler
                0x00000262                UART2_ERR_DriverIRQHandler
                0x00000262                SPI2_DriverIRQHandler
                0x00000262                LVD_LVW_DriverIRQHandler
                0x00000262                PIT0_DriverIRQHandler
                0x00000262                RNG_DriverIRQHandler
                0x00000262                DMA5_DriverIRQHandler
                0x00000262                DMA12_DriverIRQHandler
                0x00000262                UART2_RX_TX_DriverIRQHandler
                0x00000262                USBDCD_DriverIRQHandler
                0x00000262                UART3_ERR_DriverIRQHandler
                0x00000262                DMA3_DriverIRQHandler
                0x00000262                DMA8_DriverIRQHandler
                0x00000262                DMA9_DriverIRQHandler
                0x00000262                UART0_ERR_DriverIRQHandler
                0x00000262                CMT_DriverIRQHandler
                0x00000262                Reserved71_DriverIRQHandler
                0x00000262                ADC1_DriverIRQHandler
                0x00000262                PORTA_DriverIRQHandler
                0x00000262                DMA14_DriverIRQHandler
                0x00000262                PIT3_DriverIRQHandler
                0x00000262                PIT1_DriverIRQHandler
                0x00000262                WDOG_EWM_DriverIRQHandler
                0x00000262                PDB0_DriverIRQHandler
                0x00000262                RTC_DriverIRQHandler
                0x00000262                I2S0_Rx_DriverIRQHandler
                0x00000262                Read_Collision_DriverIRQHandler
                0x00000262                SWI_DriverIRQHandler
                0x00000262                UART4_RX_TX_DriverIRQHandler
                0x00000262                UART4_ERR_DriverIRQHandler
                0x00000262                PORTB_DriverIRQHandler
                0x00000262                UART0_LON_DriverIRQHandler
                0x00000262                DMA0_DriverIRQHandler
                0x00000262                DMA1_DriverIRQHandler
                0x00000262                I2C1_DriverIRQHandler
                0x00000262                UART3_RX_TX_DriverIRQHandler
                0x00000262                ENET_Receive_DriverIRQHandler
                0x00000262                DMA13_DriverIRQHandler
                0x00000262                ENET_Error_DriverIRQHandler
                0x00000262                DMA15_DriverIRQHandler
                0x00000262                UART0_RX_TX_DriverIRQHandler
                0x00000262                SPI0_DriverIRQHandler
                0x00000262                ADC0_DriverIRQHandler
                0x00000262                CMP0_DriverIRQHandler
                0x00000262                CAN0_DriverIRQHandler
                0x00000262                FTM3_DriverIRQHandler
                0x00000262                DMA4_DriverIRQHandler
                0x00000262                UART1_ERR_DriverIRQHandler
                0x00000262                DMA2_DriverIRQHandler
                0x00000262                ENET_Transmit_DriverIRQHandler
                0x00000262                PORTD_DriverIRQHandler
                0x00000262                PORTE_DriverIRQHandler
                0x00000262                FTFE_DriverIRQHandler
                0x00000262                I2C0_DriverIRQHandler
                0x00000262                DMA7_DriverIRQHandler
                0x00000262                UART1_RX_TX_DriverIRQHandler
                0x00000400                . = 0x400
 *fill*         0x00000264      0x19c ff
                0x00000400                PROVIDE (__FLASH_CONFIG_START__, .)
 *(SORT_BY_ALIGNMENT(.FlashConfig))
 .FlashConfig   0x00000400       0x10 ./SDK/startup/startup_mk64f12.o
                0x00000400                Flash_Config
                0x00000410                PROVIDE (__FLASH_CONFIG_END__, .)
                0x00000001                ASSERT (! ((__FLASH_CONFIG_START__ == __FLASH_CONFIG_END__)), Linker Flash Config Support Enabled, but no .FlashConfig section provided within application)
 *(SORT_BY_ALIGNMENT(.text*))
 .text.App_Run  0x00000410       0x18 ./source/App.o
                0x00000410                App_Run
 .text.portIRQ_handler
                0x00000428       0x70 ./source/gpio.o
                0x00000428                portIRQ_handler
 .text.SysTick_Handler
                0x00000498       0x24 ./source/systick.o
                0x00000498                SysTick_Handler
 .text.__NVIC_EnableIRQ
                0x000004bc       0x3c ./source/uart.o
 .text.uartMode
                0x000004f8      0x148 ./source/uart.o
 .text.uartInit
                0x00000640      0x16c ./source/uart.o
                0x00000640                uartInit
 .text.UART0_RX_TX_IRQHandler
                0x000007ac       0x40 ./source/uart.o
                0x000007ac                UART0_RX_TX_IRQHandler
 .text.UART_SetBaudRate
                0x000007ec       0xb8 ./source/uart.o
 .text.uart_send_byte
                0x000008a4       0x74 ./source/uart.o
                0x000008a4                uart_send_byte
 .text.uart_Tx_Interrupt
                0x00000918       0xb0 ./source/uart.o
                0x00000918                uart_Tx_Interrupt
 .text.hw_Init  0x000009c8      0x10c ./SDK/startup/hardware.o
                0x000009c8                hw_Init
 .text.hw_EnableInterrupts
                0x00000ad4       0x30 ./SDK/startup/hardware.o
                0x00000ad4                hw_EnableInterrupts
 .text.hw_DisableInterrupts
                0x00000b04       0x20 ./SDK/startup/hardware.o
                0x00000b04                hw_DisableInterrupts
 .text.SystemInit
                0x00000b24       0x3c ./SDK/CMSIS/system_MK64F12.o
                0x00000b24                SystemInit
 .text.App_Init
                0x00000b60       0x24 ./source/App.o
                0x00000b60                App_Init
 .text.push_buffer
                0x00000b84       0x8a ./source/buffer.o
                0x00000b84                push_buffer
 .text.PORTA_IRQHandler
                0x00000c0e       0x1e ./source/gpio.o
                0x00000c0e                PORTA_IRQHandler
 .text.PORTB_IRQHandler
                0x00000c2c       0x1e ./source/gpio.o
                0x00000c2c                PORTB_IRQHandler
 .text.PORTC_IRQHandler
                0x00000c4a       0x1e ./source/gpio.o
                0x00000c4a                PORTC_IRQHandler
 .text.uartWriteMsg
                0x00000c68       0x42 ./source/uart.o
                0x00000c68                uartWriteMsg
 .text.main     0x00000caa       0x1a ./SDK/startup/main.o
                0x00000caa                main
 .text.HardFault_Handler
                0x00000cc4       0x2c ./SDK/startup/semihost_hardfault.o
                0x00000cc4                HardFault_Handler
 .text.DMA0_IRQHandler
                0x00000cf0        0x8 ./SDK/startup/startup_mk64f12.o
                0x00000cf0                DMA0_IRQHandler
 .text.DMA1_IRQHandler
                0x00000cf8        0x8 ./SDK/startup/startup_mk64f12.o
                0x00000cf8                DMA1_IRQHandler
 .text.DMA2_IRQHandler
                0x00000d00        0x8 ./SDK/startup/startup_mk64f12.o
                0x00000d00                DMA2_IRQHandler
 .text.DMA3_IRQHandler
                0x00000d08        0x8 ./SDK/startup/startup_mk64f12.o
                0x00000d08                DMA3_IRQHandler
 .text.DMA4_IRQHandler
                0x00000d10        0x8 ./SDK/startup/startup_mk64f12.o
                0x00000d10                DMA4_IRQHandler
 .text.DMA5_IRQHandler
                0x00000d18        0x8 ./SDK/startup/startup_mk64f12.o
                0x00000d18                DMA5_IRQHandler
 .text.DMA6_IRQHandler
                0x00000d20        0x8 ./SDK/startup/startup_mk64f12.o
                0x00000d20                DMA6_IRQHandler
 .text.DMA7_IRQHandler
                0x00000d28        0x8 ./SDK/startup/startup_mk64f12.o
                0x00000d28                DMA7_IRQHandler
 .text.DMA8_IRQHandler
                0x00000d30        0x8 ./SDK/startup/startup_mk64f12.o
                0x00000d30                DMA8_IRQHandler
 .text.DMA9_IRQHandler
                0x00000d38        0x8 ./SDK/startup/startup_mk64f12.o
                0x00000d38                DMA9_IRQHandler
 .text.DMA10_IRQHandler
                0x00000d40        0x8 ./SDK/startup/startup_mk64f12.o
                0x00000d40                DMA10_IRQHandler
 .text.DMA11_IRQHandler
                0x00000d48        0x8 ./SDK/startup/startup_mk64f12.o
                0x00000d48                DMA11_IRQHandler
 .text.DMA12_IRQHandler
                0x00000d50        0x8 ./SDK/startup/startup_mk64f12.o
                0x00000d50                DMA12_IRQHandler
 .text.DMA13_IRQHandler
                0x00000d58        0x8 ./SDK/startup/startup_mk64f12.o
                0x00000d58                DMA13_IRQHandler
 .text.DMA14_IRQHandler
                0x00000d60        0x8 ./SDK/startup/startup_mk64f12.o
                0x00000d60                DMA14_IRQHandler
 .text.DMA15_IRQHandler
                0x00000d68        0x8 ./SDK/startup/startup_mk64f12.o
                0x00000d68                DMA15_IRQHandler
 .text.DMA_Error_IRQHandler
                0x00000d70        0x8 ./SDK/startup/startup_mk64f12.o
                0x00000d70                DMA_Error_IRQHandler
 .text.MCM_IRQHandler
                0x00000d78        0x8 ./SDK/startup/startup_mk64f12.o
                0x00000d78                MCM_IRQHandler
 .text.FTFE_IRQHandler
                0x00000d80        0x8 ./SDK/startup/startup_mk64f12.o
                0x00000d80                FTFE_IRQHandler
 .text.Read_Collision_IRQHandler
                0x00000d88        0x8 ./SDK/startup/startup_mk64f12.o
                0x00000d88                Read_Collision_IRQHandler
 .text.LVD_LVW_IRQHandler
                0x00000d90        0x8 ./SDK/startup/startup_mk64f12.o
                0x00000d90                LVD_LVW_IRQHandler
 .text.LLWU_IRQHandler
                0x00000d98        0x8 ./SDK/startup/startup_mk64f12.o
                0x00000d98                LLWU_IRQHandler
 .text.WDOG_EWM_IRQHandler
                0x00000da0        0x8 ./SDK/startup/startup_mk64f12.o
                0x00000da0                WDOG_EWM_IRQHandler
 .text.RNG_IRQHandler
                0x00000da8        0x8 ./SDK/startup/startup_mk64f12.o
                0x00000da8                RNG_IRQHandler
 .text.I2C0_IRQHandler
                0x00000db0        0x8 ./SDK/startup/startup_mk64f12.o
                0x00000db0                I2C0_IRQHandler
 .text.I2C1_IRQHandler
                0x00000db8        0x8 ./SDK/startup/startup_mk64f12.o
                0x00000db8                I2C1_IRQHandler
 .text.SPI0_IRQHandler
                0x00000dc0        0x8 ./SDK/startup/startup_mk64f12.o
                0x00000dc0                SPI0_IRQHandler
 .text.SPI1_IRQHandler
                0x00000dc8        0x8 ./SDK/startup/startup_mk64f12.o
                0x00000dc8                SPI1_IRQHandler
 .text.I2S0_Tx_IRQHandler
                0x00000dd0        0x8 ./SDK/startup/startup_mk64f12.o
                0x00000dd0                I2S0_Tx_IRQHandler
 .text.I2S0_Rx_IRQHandler
                0x00000dd8        0x8 ./SDK/startup/startup_mk64f12.o
                0x00000dd8                I2S0_Rx_IRQHandler
 .text.UART0_LON_IRQHandler
                0x00000de0        0x8 ./SDK/startup/startup_mk64f12.o
                0x00000de0                UART0_LON_IRQHandler
 .text.UART0_ERR_IRQHandler
                0x00000de8        0x8 ./SDK/startup/startup_mk64f12.o
                0x00000de8                UART0_ERR_IRQHandler
 .text.UART1_RX_TX_IRQHandler
                0x00000df0        0x8 ./SDK/startup/startup_mk64f12.o
                0x00000df0                UART1_RX_TX_IRQHandler
 .text.UART1_ERR_IRQHandler
                0x00000df8        0x8 ./SDK/startup/startup_mk64f12.o
                0x00000df8                UART1_ERR_IRQHandler
 .text.UART2_RX_TX_IRQHandler
                0x00000e00        0x8 ./SDK/startup/startup_mk64f12.o
                0x00000e00                UART2_RX_TX_IRQHandler
 .text.UART2_ERR_IRQHandler
                0x00000e08        0x8 ./SDK/startup/startup_mk64f12.o
                0x00000e08                UART2_ERR_IRQHandler
 .text.UART3_RX_TX_IRQHandler
                0x00000e10        0x8 ./SDK/startup/startup_mk64f12.o
                0x00000e10                UART3_RX_TX_IRQHandler
 .text.UART3_ERR_IRQHandler
                0x00000e18        0x8 ./SDK/startup/startup_mk64f12.o
                0x00000e18                UART3_ERR_IRQHandler
 .text.ADC0_IRQHandler
                0x00000e20        0x8 ./SDK/startup/startup_mk64f12.o
                0x00000e20                ADC0_IRQHandler
 .text.CMP0_IRQHandler
                0x00000e28        0x8 ./SDK/startup/startup_mk64f12.o
                0x00000e28                CMP0_IRQHandler
 .text.CMP1_IRQHandler
                0x00000e30        0x8 ./SDK/startup/startup_mk64f12.o
                0x00000e30                CMP1_IRQHandler
 .text.FTM0_IRQHandler
                0x00000e38        0x8 ./SDK/startup/startup_mk64f12.o
                0x00000e38                FTM0_IRQHandler
 .text.FTM1_IRQHandler
                0x00000e40        0x8 ./SDK/startup/startup_mk64f12.o
                0x00000e40                FTM1_IRQHandler
 .text.FTM2_IRQHandler
                0x00000e48        0x8 ./SDK/startup/startup_mk64f12.o
                0x00000e48                FTM2_IRQHandler
 .text.CMT_IRQHandler
                0x00000e50        0x8 ./SDK/startup/startup_mk64f12.o
                0x00000e50                CMT_IRQHandler
 .text.RTC_IRQHandler
                0x00000e58        0x8 ./SDK/startup/startup_mk64f12.o
                0x00000e58                RTC_IRQHandler
 .text.RTC_Seconds_IRQHandler
                0x00000e60        0x8 ./SDK/startup/startup_mk64f12.o
                0x00000e60                RTC_Seconds_IRQHandler
 .text.PIT0_IRQHandler
                0x00000e68        0x8 ./SDK/startup/startup_mk64f12.o
                0x00000e68                PIT0_IRQHandler
 .text.PIT1_IRQHandler
                0x00000e70        0x8 ./SDK/startup/startup_mk64f12.o
                0x00000e70                PIT1_IRQHandler
 .text.PIT2_IRQHandler
                0x00000e78        0x8 ./SDK/startup/startup_mk64f12.o
                0x00000e78                PIT2_IRQHandler
 .text.PIT3_IRQHandler
                0x00000e80        0x8 ./SDK/startup/startup_mk64f12.o
                0x00000e80                PIT3_IRQHandler
 .text.PDB0_IRQHandler
                0x00000e88        0x8 ./SDK/startup/startup_mk64f12.o
                0x00000e88                PDB0_IRQHandler
 .text.USB0_IRQHandler
                0x00000e90        0x8 ./SDK/startup/startup_mk64f12.o
                0x00000e90                USB0_IRQHandler
 .text.USBDCD_IRQHandler
                0x00000e98        0x8 ./SDK/startup/startup_mk64f12.o
                0x00000e98                USBDCD_IRQHandler
 .text.Reserved71_IRQHandler
                0x00000ea0        0x8 ./SDK/startup/startup_mk64f12.o
                0x00000ea0                Reserved71_IRQHandler
 .text.DAC0_IRQHandler
                0x00000ea8        0x8 ./SDK/startup/startup_mk64f12.o
                0x00000ea8                DAC0_IRQHandler
 .text.MCG_IRQHandler
                0x00000eb0        0x8 ./SDK/startup/startup_mk64f12.o
                0x00000eb0                MCG_IRQHandler
 .text.LPTMR0_IRQHandler
                0x00000eb8        0x8 ./SDK/startup/startup_mk64f12.o
                0x00000eb8                LPTMR0_IRQHandler
 .text.PORTD_IRQHandler
                0x00000ec0        0x8 ./SDK/startup/startup_mk64f12.o
                0x00000ec0                PORTD_IRQHandler
 .text.PORTE_IRQHandler
                0x00000ec8        0x8 ./SDK/startup/startup_mk64f12.o
                0x00000ec8                PORTE_IRQHandler
 .text.SWI_IRQHandler
                0x00000ed0        0x8 ./SDK/startup/startup_mk64f12.o
                0x00000ed0                SWI_IRQHandler
 .text.SPI2_IRQHandler
                0x00000ed8        0x8 ./SDK/startup/startup_mk64f12.o
                0x00000ed8                SPI2_IRQHandler
 .text.UART4_RX_TX_IRQHandler
                0x00000ee0        0x8 ./SDK/startup/startup_mk64f12.o
                0x00000ee0                UART4_RX_TX_IRQHandler
 .text.UART4_ERR_IRQHandler
                0x00000ee8        0x8 ./SDK/startup/startup_mk64f12.o
                0x00000ee8                UART4_ERR_IRQHandler
 .text.UART5_RX_TX_IRQHandler
                0x00000ef0        0x8 ./SDK/startup/startup_mk64f12.o
                0x00000ef0                UART5_RX_TX_IRQHandler
 .text.UART5_ERR_IRQHandler
                0x00000ef8        0x8 ./SDK/startup/startup_mk64f12.o
                0x00000ef8                UART5_ERR_IRQHandler
 .text.CMP2_IRQHandler
                0x00000f00        0x8 ./SDK/startup/startup_mk64f12.o
                0x00000f00                CMP2_IRQHandler
 .text.FTM3_IRQHandler
                0x00000f08        0x8 ./SDK/startup/startup_mk64f12.o
                0x00000f08                FTM3_IRQHandler
 .text.DAC1_IRQHandler
                0x00000f10        0x8 ./SDK/startup/startup_mk64f12.o
                0x00000f10                DAC1_IRQHandler
 .text.ADC1_IRQHandler
                0x00000f18        0x8 ./SDK/startup/startup_mk64f12.o
                0x00000f18                ADC1_IRQHandler
 .text.I2C2_IRQHandler
                0x00000f20        0x8 ./SDK/startup/startup_mk64f12.o
                0x00000f20                I2C2_IRQHandler
 .text.CAN0_ORed_Message_buffer_IRQHandler
                0x00000f28        0x8 ./SDK/startup/startup_mk64f12.o
                0x00000f28                CAN0_ORed_Message_buffer_IRQHandler
 .text.CAN0_Bus_Off_IRQHandler
                0x00000f30        0x8 ./SDK/startup/startup_mk64f12.o
                0x00000f30                CAN0_Bus_Off_IRQHandler
 .text.CAN0_Error_IRQHandler
                0x00000f38        0x8 ./SDK/startup/startup_mk64f12.o
                0x00000f38                CAN0_Error_IRQHandler
 .text.CAN0_Tx_Warning_IRQHandler
                0x00000f40        0x8 ./SDK/startup/startup_mk64f12.o
                0x00000f40                CAN0_Tx_Warning_IRQHandler
 .text.CAN0_Rx_Warning_IRQHandler
                0x00000f48        0x8 ./SDK/startup/startup_mk64f12.o
                0x00000f48                CAN0_Rx_Warning_IRQHandler
 .text.CAN0_Wake_Up_IRQHandler
                0x00000f50        0x8 ./SDK/startup/startup_mk64f12.o
                0x00000f50                CAN0_Wake_Up_IRQHandler
 .text.SDHC_IRQHandler
                0x00000f58        0x8 ./SDK/startup/startup_mk64f12.o
                0x00000f58                SDHC_IRQHandler
 .text.ENET_1588_Timer_IRQHandler
                0x00000f60        0x8 ./SDK/startup/startup_mk64f12.o
                0x00000f60                ENET_1588_Timer_IRQHandler
 .text.ENET_Transmit_IRQHandler
                0x00000f68        0x8 ./SDK/startup/startup_mk64f12.o
                0x00000f68                ENET_Transmit_IRQHandler
 .text.ENET_Receive_IRQHandler
                0x00000f70        0x8 ./SDK/startup/startup_mk64f12.o
                0x00000f70                ENET_Receive_IRQHandler
 .text.ENET_Error_IRQHandler
                0x00000f78        0x8 ./SDK/startup/startup_mk64f12.o
                0x00000f78                ENET_Error_IRQHandler
 .text.SystemInitHook
                0x00000f80        0xe ./SDK/CMSIS/system_MK64F12.o
                0x00000f80                SystemInitHook
 *(SORT_BY_ALIGNMENT(.rodata) SORT_BY_ALIGNMENT(.rodata.*) SORT_BY_ALIGNMENT(.constdata) SORT_BY_ALIGNMENT(.constdata.*))
 *fill*         0x00000f8e        0x2 ff
 .rodata        0x00000f90        0x5 ./source/App.o
                0x00000f98                . = ALIGN (0x8)
 *fill*         0x00000f95        0x3 ff

.glue_7         0x00000f98        0x0
 .glue_7        0x00000f98        0x0 linker stubs

.glue_7t        0x00000f98        0x0
 .glue_7t       0x00000f98        0x0 linker stubs

.vfp11_veneer   0x00000f98        0x0
 .vfp11_veneer  0x00000f98        0x0 linker stubs

.v4_bx          0x00000f98        0x0
 .v4_bx         0x00000f98        0x0 linker stubs

.iplt           0x00000f98        0x0
 .iplt          0x00000f98        0x0 ./source/App.o

.rel.dyn        0x00000f98        0x0
 .rel.iplt      0x00000f98        0x0 ./source/App.o

.ARM.extab
 *(SORT_BY_ALIGNMENT(.ARM.extab*) SORT_BY_ALIGNMENT(.gnu.linkonce.armextab.*))
                0x00000f98                __exidx_start = .

.ARM.exidx
 *(SORT_BY_ALIGNMENT(.ARM.exidx*) SORT_BY_ALIGNMENT(.gnu.linkonce.armexidx.*))
                0x00000f98                __exidx_end = .
                0x00000f98                _etext = .

.m_usb_data
 *(SORT_BY_ALIGNMENT(m_usb_bdt))

.data_RAM2      0x1fff0000        0x0 load address 0x00000f98
 FILL mask 0xff
                [!provide]                PROVIDE (__start_data_RAM2, .)
 *(SORT_BY_ALIGNMENT(.ramfunc.$RAM2))
 *(SORT_BY_ALIGNMENT(.ramfunc.$SRAM_LOWER))
 *(SORT_BY_ALIGNMENT(.data.$RAM2*))
 *(SORT_BY_ALIGNMENT(.data.$SRAM_LOWER*))
                0x1fff0000                . = ALIGN (0x8)
                [!provide]                PROVIDE (__end_data_RAM2, .)

.data_RAM3      0x14000000        0x0 load address 0x00000f98
 FILL mask 0xff
                [!provide]                PROVIDE (__start_data_RAM3, .)
 *(SORT_BY_ALIGNMENT(.ramfunc.$RAM3))
 *(SORT_BY_ALIGNMENT(.ramfunc.$FLEX_RAM))
 *(SORT_BY_ALIGNMENT(.data.$RAM3*))
 *(SORT_BY_ALIGNMENT(.data.$FLEX_RAM*))
                0x14000000                . = ALIGN (0x8)
                [!provide]                PROVIDE (__end_data_RAM3, .)

.uninit_RESERVED
                0x20000000        0x0
 *(SORT_BY_ALIGNMENT(.bss.$RESERVED*))
                0x20000000                . = ALIGN (0x4)
                0x20000000                _end_uninit_RESERVED = .

.data           0x20000000       0xd0 load address 0x00000f98
 FILL mask 0xff
                0x20000000                _data = .
 *(SORT_BY_ALIGNMENT(vtable))
 *(SORT_BY_ALIGNMENT(.ramfunc*))
 *(SORT_BY_ALIGNMENT(.data*))
 .data.ports_p  0x20000000       0x14 ./source/gpio.o
 .data.uarts_ptr
                0x20000014       0x18 ./source/uart.o
 .data.ports_p  0x2000002c       0x14 ./source/uart.o
 .data.sim      0x20000040        0x4 ./source/uart.o
 .data.UartTxBuffer
                0x20000044       0x8c ./source/uart.o
                0x200000d0                . = ALIGN (0x8)
                0x200000d0                _edata = .

.igot.plt       0x200000d0        0x0 load address 0x00001068
 .igot.plt      0x200000d0        0x0 ./source/App.o

.bss_RAM2       0x1fff0000        0x0
                [!provide]                PROVIDE (__start_bss_RAM2, .)
 *(SORT_BY_ALIGNMENT(.bss.$RAM2*))
 *(SORT_BY_ALIGNMENT(.bss.$SRAM_LOWER*))
                0x1fff0000                . = ALIGN ((. != 0x0)?0x8:0x1)
                [!provide]                PROVIDE (__end_bss_RAM2, .)

.bss_RAM3       0x14000000        0x0
                [!provide]                PROVIDE (__start_bss_RAM3, .)
 *(SORT_BY_ALIGNMENT(.bss.$RAM3*))
 *(SORT_BY_ALIGNMENT(.bss.$FLEX_RAM*))
                0x14000000                . = ALIGN ((. != 0x0)?0x8:0x1)
                [!provide]                PROVIDE (__end_bss_RAM3, .)

.bss            0x200000d0      0x288
                0x200000d0                _bss = .
 *(SORT_BY_ALIGNMENT(.bss*))
 .bss.irq_pointers
                0x200000d0      0x280 ./source/gpio.o
 .bss.SysTickFunction
                0x20000350        0x4 ./source/systick.o
 .bss.__LDM_interruptDisableCount
                0x20000354        0x4 ./SDK/startup/hardware.o
 *(SORT_BY_ALIGNMENT(COMMON))
                0x20000358                . = ALIGN (0x8)
                0x20000358                _ebss = .
                [!provide]                PROVIDE (end, .)

.noinit_RAM2    0x1fff0000        0x0
 *(SORT_BY_ALIGNMENT(.noinit.$RAM2*))
 *(SORT_BY_ALIGNMENT(.noinit.$SRAM_LOWER*))
                0x1fff0000                . = ALIGN (0x8)

.noinit_RAM3    0x14000000        0x0
 *(SORT_BY_ALIGNMENT(.noinit.$RAM3*))
 *(SORT_BY_ALIGNMENT(.noinit.$FLEX_RAM*))
                0x14000000                . = ALIGN (0x8)

.noinit         0x20000358        0x0
                0x20000358                _noinit = .
 *(SORT_BY_ALIGNMENT(.noinit*))
                0x20000358                . = ALIGN (0x8)
                0x20000358                _end_noinit = .
                0x00001000                _HeapSize = 0x1000

.heap           0x20000358     0x1000
                0x20000358                _pvHeapStart = .
                0x20001358                . = (. + _HeapSize)
 *fill*         0x20000358     0x1000 
                0x20001358                . = ALIGN (0x8)
                0x20001358                _pvHeapLimit = .
                0x00001000                _StackSize = 0x1000

.heap2stackfill
                0x20001358     0x1000
                0x20002358                . = (. + _StackSize)
 *fill*         0x20001358     0x1000 

.stack          0x2002f000        0x0
                0x2002f000                _vStackBase = .
                0x2002f000                . = ALIGN (0x8)
                0x20030000                _vStackTop = (. + _StackSize)
                0x00000000                _image_start = LOADADDR (.text)
                0x00001068                _image_end = (LOADADDR (.data) + SIZEOF (.data))
                0x00001068                _image_size = (_image_end - _image_start)
OUTPUT(TP2.axf elf32-littlearm)

.debug_info     0x00000000     0x354a
 .debug_info    0x00000000      0x1e6 ./source/App.o
 .debug_info    0x000001e6      0x1ef ./source/buffer.o
 .debug_info    0x000003d5      0x9f1 ./source/gpio.o
 .debug_info    0x00000dc6      0x524 ./source/systick.o
 .debug_info    0x000012ea      0xc4d ./source/uart.o
 .debug_info    0x00001f37      0x675 ./SDK/startup/hardware.o
 .debug_info    0x000025ac       0xb7 ./SDK/startup/main.o
 .debug_info    0x00002663       0x3b ./SDK/startup/semihost_hardfault.o
 .debug_info    0x0000269e      0x8b0 ./SDK/startup/startup_mk64f12.o
 .debug_info    0x00002f4e      0x5fc ./SDK/CMSIS/system_MK64F12.o

.debug_abbrev   0x00000000      0xc92
 .debug_abbrev  0x00000000      0x108 ./source/App.o
 .debug_abbrev  0x00000108       0xdd ./source/buffer.o
 .debug_abbrev  0x000001e5      0x21c ./source/gpio.o
 .debug_abbrev  0x00000401      0x194 ./source/systick.o
 .debug_abbrev  0x00000595      0x27e ./source/uart.o
 .debug_abbrev  0x00000813      0x138 ./SDK/startup/hardware.o
 .debug_abbrev  0x0000094b       0x7d ./SDK/startup/main.o
 .debug_abbrev  0x000009c8       0x2f ./SDK/startup/semihost_hardfault.o
 .debug_abbrev  0x000009f7      0x15c ./SDK/startup/startup_mk64f12.o
 .debug_abbrev  0x00000b53      0x13f ./SDK/CMSIS/system_MK64F12.o

.debug_aranges  0x00000000      0x540
 .debug_aranges
                0x00000000       0x30 ./source/App.o
 .debug_aranges
                0x00000030       0x40 ./source/buffer.o
 .debug_aranges
                0x00000070       0x68 ./source/gpio.o
 .debug_aranges
                0x000000d8       0x30 ./source/systick.o
 .debug_aranges
                0x00000108       0x68 ./source/uart.o
 .debug_aranges
                0x00000170       0x30 ./SDK/startup/hardware.o
 .debug_aranges
                0x000001a0       0x20 ./SDK/startup/main.o
 .debug_aranges
                0x000001c0       0x20 ./SDK/startup/semihost_hardfault.o
 .debug_aranges
                0x000001e0      0x330 ./SDK/startup/startup_mk64f12.o
 .debug_aranges
                0x00000510       0x30 ./SDK/CMSIS/system_MK64F12.o

.debug_ranges   0x00000000      0x4a0
 .debug_ranges  0x00000000       0x20 ./source/App.o
 .debug_ranges  0x00000020       0x30 ./source/buffer.o
 .debug_ranges  0x00000050       0x58 ./source/gpio.o
 .debug_ranges  0x000000a8       0x20 ./source/systick.o
 .debug_ranges  0x000000c8       0x58 ./source/uart.o
 .debug_ranges  0x00000120       0x20 ./SDK/startup/hardware.o
 .debug_ranges  0x00000140       0x10 ./SDK/startup/main.o
 .debug_ranges  0x00000150       0x10 ./SDK/startup/semihost_hardfault.o
 .debug_ranges  0x00000160      0x320 ./SDK/startup/startup_mk64f12.o
 .debug_ranges  0x00000480       0x20 ./SDK/CMSIS/system_MK64F12.o

.debug_macro    0x00000000    0x117b2
 .debug_macro   0x00000000       0xcc ./source/App.o
 .debug_macro   0x000000cc      0xa5a ./source/App.o
 .debug_macro   0x00000b26      0x34e ./source/App.o
 .debug_macro   0x00000e74       0x22 ./source/App.o
 .debug_macro   0x00000e96       0x10 ./source/App.o
 .debug_macro   0x00000ea6       0x5c ./source/App.o
 .debug_macro   0x00000f02       0x1c ./source/App.o
 .debug_macro   0x00000f1e       0x22 ./source/App.o
 .debug_macro   0x00000f40       0xdf ./source/App.o
 .debug_macro   0x0000101f      0xecf ./source/App.o
 .debug_macro   0x00001eee       0x48 ./source/App.o
 .debug_macro   0x00001f36     0xe07b ./source/App.o
 .debug_macro   0x0000ffb1     0x122b ./source/App.o
 .debug_macro   0x000111dc       0x16 ./source/App.o
 .debug_macro   0x000111f2       0x3a ./source/App.o
 .debug_macro   0x0001122c       0x88 ./source/App.o
 .debug_macro   0x000112b4       0x10 ./source/App.o
 .debug_macro   0x000112c4       0x28 ./source/App.o
 .debug_macro   0x000112ec       0x3c ./source/buffer.o
 .debug_macro   0x00011328       0x22 ./source/buffer.o
 .debug_macro   0x0001134a       0xaf ./source/gpio.o
 .debug_macro   0x000113f9       0xb0 ./source/systick.o
 .debug_macro   0x000114a9       0xd7 ./source/uart.o
 .debug_macro   0x00011580       0x40 ./source/uart.o
 .debug_macro   0x000115c0       0x9c ./SDK/startup/hardware.o
 .debug_macro   0x0001165c       0x9c ./SDK/startup/main.o
 .debug_macro   0x000116f8       0x11 ./SDK/startup/semihost_hardfault.o
 .debug_macro   0x00011709       0x29 ./SDK/startup/startup_mk64f12.o
 .debug_macro   0x00011732       0x80 ./SDK/CMSIS/system_MK64F12.o

.debug_line     0x00000000     0x169d
 .debug_line    0x00000000      0x1d0 ./source/App.o
 .debug_line    0x000001d0      0x127 ./source/buffer.o
 .debug_line    0x000002f7      0x2a0 ./source/gpio.o
 .debug_line    0x00000597      0x1b6 ./source/systick.o
 .debug_line    0x0000074d      0x30f ./source/uart.o
 .debug_line    0x00000a5c      0x1d4 ./SDK/startup/hardware.o
 .debug_line    0x00000c30      0x175 ./SDK/startup/main.o
 .debug_line    0x00000da5       0x59 ./SDK/startup/semihost_hardfault.o
 .debug_line    0x00000dfe      0x6d8 ./SDK/startup/startup_mk64f12.o
 .debug_line    0x000014d6      0x1c7 ./SDK/CMSIS/system_MK64F12.o

.debug_str      0x00000000    0x785a9
 .debug_str     0x00000000    0x7722c ./source/App.o
                              0x773aa (size before relaxing)
 .debug_str     0x0007722c       0x64 ./source/buffer.o
                               0x3927 (size before relaxing)
 .debug_str     0x00077290      0x6fb ./source/gpio.o
                              0x7778c (size before relaxing)
 .debug_str     0x0007798b       0xaf ./source/systick.o
                              0x775b9 (size before relaxing)
 .debug_str     0x00077a3a      0x16d ./source/uart.o
                              0x77b3c (size before relaxing)
 .debug_str     0x00077ba7      0x16f ./SDK/startup/hardware.o
                              0x771e7 (size before relaxing)
 .debug_str     0x00077d16       0x1b ./SDK/startup/main.o
                              0x76fbb (size before relaxing)
 .debug_str     0x00077d31       0x36 ./SDK/startup/semihost_hardfault.o
                               0x2d21 (size before relaxing)
 .debug_str     0x00077d67      0x7e0 ./SDK/startup/startup_mk64f12.o
                               0x358f (size before relaxing)
 .debug_str     0x00078547       0x62 ./SDK/CMSIS/system_MK64F12.o
                              0x770f6 (size before relaxing)

.comment        0x00000000       0x7e
 .comment       0x00000000       0x7e ./source/App.o
                                 0x7f (size before relaxing)
 .comment       0x0000007e       0x7f ./source/buffer.o
 .comment       0x0000007e       0x7f ./source/gpio.o
 .comment       0x0000007e       0x7f ./source/systick.o
 .comment       0x0000007e       0x7f ./source/uart.o
 .comment       0x0000007e       0x7f ./SDK/startup/hardware.o
 .comment       0x0000007e       0x7f ./SDK/startup/main.o
 .comment       0x0000007e       0x7f ./SDK/startup/semihost_hardfault.o
 .comment       0x0000007e       0x7f ./SDK/startup/startup_mk64f12.o
 .comment       0x0000007e       0x7f ./SDK/CMSIS/system_MK64F12.o

.ARM.attributes
                0x00000000       0x39
 .ARM.attributes
                0x00000000       0x39 ./source/App.o
 .ARM.attributes
                0x00000039       0x39 ./source/buffer.o
 .ARM.attributes
                0x00000072       0x39 ./source/gpio.o
 .ARM.attributes
                0x000000ab       0x39 ./source/systick.o
 .ARM.attributes
                0x000000e4       0x39 ./source/uart.o
 .ARM.attributes
                0x0000011d       0x39 ./SDK/startup/hardware.o
 .ARM.attributes
                0x00000156       0x39 ./SDK/startup/main.o
 .ARM.attributes
                0x0000018f       0x39 ./SDK/startup/semihost_hardfault.o
 .ARM.attributes
                0x000001c8       0x39 ./SDK/startup/startup_mk64f12.o
 .ARM.attributes
                0x00000201       0x39 ./SDK/CMSIS/system_MK64F12.o

.debug_frame    0x00000000      0xf40
 .debug_frame   0x00000000       0x78 ./source/App.o
 .debug_frame   0x00000078       0xd8 ./source/buffer.o
 .debug_frame   0x00000150      0x1a4 ./source/gpio.o
 .debug_frame   0x000002f4       0x88 ./source/systick.o
 .debug_frame   0x0000037c      0x190 ./source/uart.o
 .debug_frame   0x0000050c       0x70 ./SDK/startup/hardware.o
 .debug_frame   0x0000057c       0x2c ./SDK/startup/main.o
 .debug_frame   0x000005a8       0x20 ./SDK/startup/semihost_hardfault.o
 .debug_frame   0x000005c8      0x904 ./SDK/startup/startup_mk64f12.o
 .debug_frame   0x00000ecc       0x74 ./SDK/CMSIS/system_MK64F12.o
